// Jest Snapshot v1, https://goo.gl/fbAQLP

exports[`Slider Container should render 1`] = `"<div class="Container"><div data-index="0"><div>Slide 1</div></div><div data-index="1"><div>Slide 2</div></div><div data-index="2"><div>Slide 3</div></div></div>"`;
